---
source: crates/ruff_linter/src/rules/ruff/mod.rs
---
RUF028.py:3:9: RUF028 [*] This suppression comment is invalid because it cannot be inside an expression
  |
1 | def fmt_off_between_lists():
2 |     test_list = [
3 |         # fmt: off
  |         ^^^^^^^^^^ RUF028
4 |         1,
5 |         2,
  |
  = help: Remove this comment

ℹ Unsafe fix
1 1 | def fmt_off_between_lists():
2 2 |     test_list = [
3   |-        # fmt: off
4 3 |         1,
5 4 |         2,
6 5 |         3,

RUF028.py:11:5: RUF028 [*] This suppression comment is invalid because it cannot be on its own line
   |
 9 | # note: the second `fmt: skip`` should be OK
10 | def fmt_skip_on_own_line():
11 |     # fmt: skip
   |     ^^^^^^^^^^^ RUF028
12 |     pass # fmt: skip
   |
   = help: Remove this comment

ℹ Unsafe fix
8  8  | 
9  9  | # note: the second `fmt: skip`` should be OK
10 10 | def fmt_skip_on_own_line():
11    |-    # fmt: skip
12 11 |     pass # fmt: skip
13 12 | 
14 13 | 

RUF028.py:16:1: RUF028 [*] This suppression comment is invalid because it cannot be between decorators
   |
15 | @fmt_skip_on_own_line
16 | # fmt: off
   | ^^^^^^^^^^ RUF028
17 | @fmt_off_between_lists
18 | def fmt_off_between_decorators():
   |
   = help: Remove this comment

ℹ Unsafe fix
13 13 | 
14 14 | 
15 15 | @fmt_skip_on_own_line
16    |-# fmt: off
17 16 | @fmt_off_between_lists
18 17 | def fmt_off_between_decorators():
19 18 |     pass

RUF028.py:22:1: RUF028 [*] This suppression comment is invalid because it cannot be between decorators
   |
21 | @fmt_off_between_decorators
22 | # fmt: off
   | ^^^^^^^^^^ RUF028
23 | @fmt_off_between_lists
24 | class FmtOffBetweenClassDecorators:
   |
   = help: Remove this comment

ℹ Unsafe fix
19 19 |     pass
20 20 | 
21 21 | @fmt_off_between_decorators
22    |-# fmt: off
23 22 | @fmt_off_between_lists
24 23 | class FmtOffBetweenClassDecorators:
25 24 |     ...

RUF028.py:31:5: RUF028 [*] This suppression comment is invalid because it cannot suppress formatting for an ambiguous region
   |
29 |     for val in x:
30 |         print(x)
31 |     # fmt: off
   |     ^^^^^^^^^^ RUF028
32 |     else:
33 |         print("done")
   |
   = help: Remove this comment

ℹ Unsafe fix
28 28 |     x = [1, 2, 3]
29 29 |     for val in x:
30 30 |         print(x)
31    |-    # fmt: off
32 31 |     else:
33 32 |         print("done")
34 33 |     while False:

RUF028.py:37:5: RUF028 [*] This suppression comment is invalid because it cannot suppress formatting for an ambiguous region
   |
35 |         print("while")
36 |         # fmt: off
37 |     # fmt: off
   |     ^^^^^^^^^^ RUF028
38 |     else:
39 |         print("done")
   |
   = help: Remove this comment

ℹ Unsafe fix
34 34 |     while False:
35 35 |         print("while")
36 36 |         # fmt: off
37    |-    # fmt: off
38 37 |     else:
39 38 |         print("done")
40 39 |     if len(x) > 3:

RUF028.py:43:5: RUF028 [*] This suppression comment is invalid because it cannot suppress formatting for an ambiguous region
   |
41 |         print("huh?")
42 |     # fmt: on
43 |     # fmt: off
   |     ^^^^^^^^^^ RUF028
44 |     else:
45 |         print("expected")
   |
   = help: Remove this comment

ℹ Unsafe fix
40 40 |     if len(x) > 3:
41 41 |         print("huh?")
42 42 |     # fmt: on
43    |-    # fmt: off
44 43 |     else:
45 44 |         print("expected")
46 45 | 

RUF028.py:49:13: RUF028 [*] This suppression comment is invalid because it cannot be at the end of a line
   |
47 | def fmt_on_trailing():
48 |     # fmt: off
49 |     val = 5 # fmt: on
   |             ^^^^^^^^^ RUF028
50 |     pass # fmt: on
   |
   = help: Remove this comment

ℹ Unsafe fix
46 46 | 
47 47 | def fmt_on_trailing():
48 48 |     # fmt: off
49    |-    val = 5 # fmt: on
   49 |+    val = 5
50 50 |     pass # fmt: on

RUF028.py:50:10: RUF028 [*] This suppression comment is invalid because it cannot be at the end of a line
   |
48 |     # fmt: off
49 |     val = 5 # fmt: on
50 |     pass # fmt: on
   |          ^^^^^^^^^ RUF028
   |
   = help: Remove this comment

ℹ Unsafe fix
47 47 | def fmt_on_trailing():
48 48 |     # fmt: off
49 49 |     val = 5 # fmt: on
50    |-    pass # fmt: on
   50 |+    pass


